#-----------------------------------------------------------
# Vivado v2023.1 (64-bit)
# SW Build 3865809 on Sun May  7 15:05:29 MDT 2023
# IP Build 3864474 on Sun May  7 20:36:21 MDT 2023
# SharedData Build 3865790 on Sun May 07 13:33:03 MDT 2023
# Start of session at: Wed Dec  6 19:11:47 2023
# Process ID: 4220
# Current directory: C:/Users/edulu/Desktop/Clase/Entregas/SED_trabajo/Vivado-main/Project
# Command line: vivado.exe -gui_launcher_event rodinguilauncherevent1084 C:\Users\edulu\Desktop\Clase\Entregas\SED_trabajo\Vivado-main\Project\Project.xpr
# Log file: C:/Users/edulu/Desktop/Clase/Entregas/SED_trabajo/Vivado-main/Project/vivado.log
# Journal file: C:/Users/edulu/Desktop/Clase/Entregas/SED_trabajo/Vivado-main/Project\vivado.jou
# Running On: LAPTOP-BVFI9EM9, OS: Windows, CPU Frequency: 1800 MHz, CPU Physical cores: 4, Host memory: 8430 MB
#-----------------------------------------------------------
start_gui
open_project C:/Users/edulu/Desktop/Clase/Entregas/SED_trabajo/Vivado-main/Project/Project.xpr
update_compile_order -fileset sources_1
close [ open C:/Users/edulu/Desktop/Clase/Entregas/SED_trabajo/Vivado-main/Project/Project.srcs/sources_1/new/SYNCHRNZR.vhd w ]
add_files C:/Users/edulu/Desktop/Clase/Entregas/SED_trabajo/Vivado-main/Project/Project.srcs/sources_1/new/SYNCHRNZR.vhd
update_compile_order -fileset sources_1
close [ open C:/Users/edulu/Desktop/Clase/Entregas/SED_trabajo/Vivado-main/Project/Project.srcs/sources_1/new/EDGEDTCTR.vhd w ]
add_files C:/Users/edulu/Desktop/Clase/Entregas/SED_trabajo/Vivado-main/Project/Project.srcs/sources_1/new/EDGEDTCTR.vhd
update_compile_order -fileset sources_1
update_compile_order -fileset sources_1
close [ open C:/Users/edulu/Desktop/Clase/Entregas/SED_trabajo/Vivado-main/Project/Project.srcs/sources_1/new/FMS_Elevator.vhd w ]
add_files C:/Users/edulu/Desktop/Clase/Entregas/SED_trabajo/Vivado-main/Project/Project.srcs/sources_1/new/FMS_Elevator.vhd
update_compile_order -fileset sources_1
launch_runs synth_1 -jobs 4
wait_on_run synth_1
open_run synth_1 -name synth_1
reset_run synth_1
launch_runs synth_1 -jobs 4
wait_on_run synth_1
close_design
open_run synth_1 -name synth_1
close [ open C:/Users/edulu/Desktop/Clase/Entregas/SED_trabajo/Vivado-main/Project/Project.srcs/sources_1/new/DECODER.vhd w ]
add_files C:/Users/edulu/Desktop/Clase/Entregas/SED_trabajo/Vivado-main/Project/Project.srcs/sources_1/new/DECODER.vhd
update_compile_order -fileset sources_1
update_compile_order -fileset sources_1
reset_run synth_1
launch_runs synth_1 -jobs 4
wait_on_run synth_1
reset_run synth_1
launch_runs synth_1 -jobs 4
wait_on_run synth_1
