Copyright 1986-2022 Xilinx, Inc. All Rights Reserved. Copyright 2022-2023 Advanced Micro Devices, Inc. All Rights Reserved.
-----------------------------------------------------------------------------------------------------------------------------------------------
| Tool Version : Vivado v.2023.1 (win64) Build 3865809 Sun May  7 15:05:29 MDT 2023
| Date         : Wed Dec 13 15:42:19 2023
| Host         : LAPTOP-ITU9JLQJ running 64-bit major release  (build 9200)
| Command      : report_methodology -file Top_methodology_drc_routed.rpt -pb Top_methodology_drc_routed.pb -rpx Top_methodology_drc_routed.rpx
| Design       : Top
| Device       : xc7a100tcsg324-1
| Speed File   : -1
| Design State : Fully Routed
-----------------------------------------------------------------------------------------------------------------------------------------------

Report Methodology

Table of Contents
-----------------
1. REPORT SUMMARY
2. REPORT DETAILS

1. REPORT SUMMARY
-----------------
            Netlist: netlist
          Floorplan: design_1
      Design limits: <entire design considered>
             Max violations: <unlimited>
             Violations found: 65
+-----------+------------------+--------------------------------+------------+
| Rule      | Severity         | Description                    | Violations |
+-----------+------------------+--------------------------------+------------+
| TIMING-17 | Critical Warning | Non-clocked sequential cell    | 22         |
| LUTAR-1   | Warning          | LUT drives async reset alert   | 2          |
| TIMING-20 | Warning          | Non-clocked latch              | 40         |
| LATCH-1   | Advisory         | Existing latches in the design | 1          |
+-----------+------------------+--------------------------------+------------+

2. REPORT DETAILS
-----------------
TIMING-17#1 Critical Warning
Non-clocked sequential cell  
The clock pin Inst_edgedtctr0/sreg_reg[0]/C is not reached by a timing clock
Related violations: <none>

TIMING-17#2 Critical Warning
Non-clocked sequential cell  
The clock pin Inst_edgedtctr0/sreg_reg[1]/C is not reached by a timing clock
Related violations: <none>

TIMING-17#3 Critical Warning
Non-clocked sequential cell  
The clock pin Inst_edgedtctr0/sreg_reg[2]/C is not reached by a timing clock
Related violations: <none>

TIMING-17#4 Critical Warning
Non-clocked sequential cell  
The clock pin Inst_edgedtctr1/sreg_reg[0]/C is not reached by a timing clock
Related violations: <none>

TIMING-17#5 Critical Warning
Non-clocked sequential cell  
The clock pin Inst_edgedtctr1/sreg_reg[1]/C is not reached by a timing clock
Related violations: <none>

TIMING-17#6 Critical Warning
Non-clocked sequential cell  
The clock pin Inst_edgedtctr1/sreg_reg[2]/C is not reached by a timing clock
Related violations: <none>

TIMING-17#7 Critical Warning
Non-clocked sequential cell  
The clock pin Inst_edgedtctr2/sreg_reg[0]/C is not reached by a timing clock
Related violations: <none>

TIMING-17#8 Critical Warning
Non-clocked sequential cell  
The clock pin Inst_edgedtctr2/sreg_reg[1]/C is not reached by a timing clock
Related violations: <none>

TIMING-17#9 Critical Warning
Non-clocked sequential cell  
The clock pin Inst_edgedtctr2/sreg_reg[2]/C is not reached by a timing clock
Related violations: <none>

TIMING-17#10 Critical Warning
Non-clocked sequential cell  
The clock pin Inst_edgedtctr3/sreg_reg[0]/C is not reached by a timing clock
Related violations: <none>

TIMING-17#11 Critical Warning
Non-clocked sequential cell  
The clock pin Inst_edgedtctr3/sreg_reg[1]/C is not reached by a timing clock
Related violations: <none>

TIMING-17#12 Critical Warning
Non-clocked sequential cell  
The clock pin Inst_edgedtctr3/sreg_reg[2]/C is not reached by a timing clock
Related violations: <none>

TIMING-17#13 Critical Warning
Non-clocked sequential cell  
The clock pin Inst_fmsElevator/state_reg[0]/C is not reached by a timing clock
Related violations: <none>

TIMING-17#14 Critical Warning
Non-clocked sequential cell  
The clock pin Inst_fmsElevator/state_reg[1]/C is not reached by a timing clock
Related violations: <none>

TIMING-17#15 Critical Warning
Non-clocked sequential cell  
The clock pin Inst_synchrnzr0/SYNC_OUT_reg_srl2/CLK is not reached by a timing clock
Related violations: <none>

TIMING-17#16 Critical Warning
Non-clocked sequential cell  
The clock pin Inst_synchrnzr0/sreg_reg[0]/C is not reached by a timing clock
Related violations: <none>

TIMING-17#17 Critical Warning
Non-clocked sequential cell  
The clock pin Inst_synchrnzr1/SYNC_OUT_reg_srl2/CLK is not reached by a timing clock
Related violations: <none>

TIMING-17#18 Critical Warning
Non-clocked sequential cell  
The clock pin Inst_synchrnzr1/sreg_reg[0]/C is not reached by a timing clock
Related violations: <none>

TIMING-17#19 Critical Warning
Non-clocked sequential cell  
The clock pin Inst_synchrnzr2/SYNC_OUT_reg_srl2/CLK is not reached by a timing clock
Related violations: <none>

TIMING-17#20 Critical Warning
Non-clocked sequential cell  
The clock pin Inst_synchrnzr2/sreg_reg[0]/C is not reached by a timing clock
Related violations: <none>

TIMING-17#21 Critical Warning
Non-clocked sequential cell  
The clock pin Inst_synchrnzr3/SYNC_OUT_reg_srl2/CLK is not reached by a timing clock
Related violations: <none>

TIMING-17#22 Critical Warning
Non-clocked sequential cell  
The clock pin Inst_synchrnzr3/sreg_reg[0]/C is not reached by a timing clock
Related violations: <none>

LUTAR-1#1 Warning
LUT drives async reset alert  
LUT cell Inst_fmsElevator/DOORS_reg_i_2, with 2 or more inputs, drives asynchronous preset/clear pin(s) Inst_fmsElevator/DOORS_reg/CLR. The LUT may glitch and trigger an unexpected reset, even if it is a properly timed path.
Related violations: <none>

LUTAR-1#2 Warning
LUT drives async reset alert  
LUT cell Inst_fmsElevator/DOORS_reg_i_3, with 2 or more inputs, drives asynchronous preset/clear pin(s) Inst_fmsElevator/DOORS_reg/PRE. The LUT may glitch and trigger an unexpected reset, even if it is a properly timed path.
Related violations: <none>

TIMING-20#1 Warning
Non-clocked latch  
The latch Inst_fmsElevator/DOORS_reg/L7 (in Inst_fmsElevator/DOORS_reg macro) cannot be properly analyzed as its control pin Inst_fmsElevator/DOORS_reg/L7/G is not reached by a timing clock
Related violations: <none>

TIMING-20#2 Warning
Non-clocked latch  
The latch Inst_fmsElevator/LED_Floor_reg[0] cannot be properly analyzed as its control pin Inst_fmsElevator/LED_Floor_reg[0]/G is not reached by a timing clock
Related violations: <none>

TIMING-20#3 Warning
Non-clocked latch  
The latch Inst_fmsElevator/LED_Floor_reg[1] cannot be properly analyzed as its control pin Inst_fmsElevator/LED_Floor_reg[1]/G is not reached by a timing clock
Related violations: <none>

TIMING-20#4 Warning
Non-clocked latch  
The latch Inst_fmsElevator/LED_Floor_reg[2] cannot be properly analyzed as its control pin Inst_fmsElevator/LED_Floor_reg[2]/G is not reached by a timing clock
Related violations: <none>

TIMING-20#5 Warning
Non-clocked latch  
The latch Inst_fmsElevator/LED_Floor_reg[3] cannot be properly analyzed as its control pin Inst_fmsElevator/LED_Floor_reg[3]/G is not reached by a timing clock
Related violations: <none>

TIMING-20#6 Warning
Non-clocked latch  
The latch Inst_fmsElevator/pisoactual_reg[0] cannot be properly analyzed as its control pin Inst_fmsElevator/pisoactual_reg[0]/G is not reached by a timing clock
Related violations: <none>

TIMING-20#7 Warning
Non-clocked latch  
The latch Inst_fmsElevator/pisoactual_reg[10] cannot be properly analyzed as its control pin Inst_fmsElevator/pisoactual_reg[10]/G is not reached by a timing clock
Related violations: <none>

TIMING-20#8 Warning
Non-clocked latch  
The latch Inst_fmsElevator/pisoactual_reg[11] cannot be properly analyzed as its control pin Inst_fmsElevator/pisoactual_reg[11]/G is not reached by a timing clock
Related violations: <none>

TIMING-20#9 Warning
Non-clocked latch  
The latch Inst_fmsElevator/pisoactual_reg[12] cannot be properly analyzed as its control pin Inst_fmsElevator/pisoactual_reg[12]/G is not reached by a timing clock
Related violations: <none>

TIMING-20#10 Warning
Non-clocked latch  
The latch Inst_fmsElevator/pisoactual_reg[13] cannot be properly analyzed as its control pin Inst_fmsElevator/pisoactual_reg[13]/G is not reached by a timing clock
Related violations: <none>

TIMING-20#11 Warning
Non-clocked latch  
The latch Inst_fmsElevator/pisoactual_reg[14] cannot be properly analyzed as its control pin Inst_fmsElevator/pisoactual_reg[14]/G is not reached by a timing clock
Related violations: <none>

TIMING-20#12 Warning
Non-clocked latch  
The latch Inst_fmsElevator/pisoactual_reg[15] cannot be properly analyzed as its control pin Inst_fmsElevator/pisoactual_reg[15]/G is not reached by a timing clock
Related violations: <none>

TIMING-20#13 Warning
Non-clocked latch  
The latch Inst_fmsElevator/pisoactual_reg[16] cannot be properly analyzed as its control pin Inst_fmsElevator/pisoactual_reg[16]/G is not reached by a timing clock
Related violations: <none>

TIMING-20#14 Warning
Non-clocked latch  
The latch Inst_fmsElevator/pisoactual_reg[17] cannot be properly analyzed as its control pin Inst_fmsElevator/pisoactual_reg[17]/G is not reached by a timing clock
Related violations: <none>

TIMING-20#15 Warning
Non-clocked latch  
The latch Inst_fmsElevator/pisoactual_reg[18] cannot be properly analyzed as its control pin Inst_fmsElevator/pisoactual_reg[18]/G is not reached by a timing clock
Related violations: <none>

TIMING-20#16 Warning
Non-clocked latch  
The latch Inst_fmsElevator/pisoactual_reg[19] cannot be properly analyzed as its control pin Inst_fmsElevator/pisoactual_reg[19]/G is not reached by a timing clock
Related violations: <none>

TIMING-20#17 Warning
Non-clocked latch  
The latch Inst_fmsElevator/pisoactual_reg[1] cannot be properly analyzed as its control pin Inst_fmsElevator/pisoactual_reg[1]/G is not reached by a timing clock
Related violations: <none>

TIMING-20#18 Warning
Non-clocked latch  
The latch Inst_fmsElevator/pisoactual_reg[20] cannot be properly analyzed as its control pin Inst_fmsElevator/pisoactual_reg[20]/G is not reached by a timing clock
Related violations: <none>

TIMING-20#19 Warning
Non-clocked latch  
The latch Inst_fmsElevator/pisoactual_reg[21] cannot be properly analyzed as its control pin Inst_fmsElevator/pisoactual_reg[21]/G is not reached by a timing clock
Related violations: <none>

TIMING-20#20 Warning
Non-clocked latch  
The latch Inst_fmsElevator/pisoactual_reg[22] cannot be properly analyzed as its control pin Inst_fmsElevator/pisoactual_reg[22]/G is not reached by a timing clock
Related violations: <none>

TIMING-20#21 Warning
Non-clocked latch  
The latch Inst_fmsElevator/pisoactual_reg[23] cannot be properly analyzed as its control pin Inst_fmsElevator/pisoactual_reg[23]/G is not reached by a timing clock
Related violations: <none>

TIMING-20#22 Warning
Non-clocked latch  
The latch Inst_fmsElevator/pisoactual_reg[24] cannot be properly analyzed as its control pin Inst_fmsElevator/pisoactual_reg[24]/G is not reached by a timing clock
Related violations: <none>

TIMING-20#23 Warning
Non-clocked latch  
The latch Inst_fmsElevator/pisoactual_reg[25] cannot be properly analyzed as its control pin Inst_fmsElevator/pisoactual_reg[25]/G is not reached by a timing clock
Related violations: <none>

TIMING-20#24 Warning
Non-clocked latch  
The latch Inst_fmsElevator/pisoactual_reg[26] cannot be properly analyzed as its control pin Inst_fmsElevator/pisoactual_reg[26]/G is not reached by a timing clock
Related violations: <none>

TIMING-20#25 Warning
Non-clocked latch  
The latch Inst_fmsElevator/pisoactual_reg[27] cannot be properly analyzed as its control pin Inst_fmsElevator/pisoactual_reg[27]/G is not reached by a timing clock
Related violations: <none>

TIMING-20#26 Warning
Non-clocked latch  
The latch Inst_fmsElevator/pisoactual_reg[28] cannot be properly analyzed as its control pin Inst_fmsElevator/pisoactual_reg[28]/G is not reached by a timing clock
Related violations: <none>

TIMING-20#27 Warning
Non-clocked latch  
The latch Inst_fmsElevator/pisoactual_reg[29] cannot be properly analyzed as its control pin Inst_fmsElevator/pisoactual_reg[29]/G is not reached by a timing clock
Related violations: <none>

TIMING-20#28 Warning
Non-clocked latch  
The latch Inst_fmsElevator/pisoactual_reg[2] cannot be properly analyzed as its control pin Inst_fmsElevator/pisoactual_reg[2]/G is not reached by a timing clock
Related violations: <none>

TIMING-20#29 Warning
Non-clocked latch  
The latch Inst_fmsElevator/pisoactual_reg[30] cannot be properly analyzed as its control pin Inst_fmsElevator/pisoactual_reg[30]/G is not reached by a timing clock
Related violations: <none>

TIMING-20#30 Warning
Non-clocked latch  
The latch Inst_fmsElevator/pisoactual_reg[31] cannot be properly analyzed as its control pin Inst_fmsElevator/pisoactual_reg[31]/G is not reached by a timing clock
Related violations: <none>

TIMING-20#31 Warning
Non-clocked latch  
The latch Inst_fmsElevator/pisoactual_reg[3] cannot be properly analyzed as its control pin Inst_fmsElevator/pisoactual_reg[3]/G is not reached by a timing clock
Related violations: <none>

TIMING-20#32 Warning
Non-clocked latch  
The latch Inst_fmsElevator/pisoactual_reg[4] cannot be properly analyzed as its control pin Inst_fmsElevator/pisoactual_reg[4]/G is not reached by a timing clock
Related violations: <none>

TIMING-20#33 Warning
Non-clocked latch  
The latch Inst_fmsElevator/pisoactual_reg[5] cannot be properly analyzed as its control pin Inst_fmsElevator/pisoactual_reg[5]/G is not reached by a timing clock
Related violations: <none>

TIMING-20#34 Warning
Non-clocked latch  
The latch Inst_fmsElevator/pisoactual_reg[6] cannot be properly analyzed as its control pin Inst_fmsElevator/pisoactual_reg[6]/G is not reached by a timing clock
Related violations: <none>

TIMING-20#35 Warning
Non-clocked latch  
The latch Inst_fmsElevator/pisoactual_reg[7] cannot be properly analyzed as its control pin Inst_fmsElevator/pisoactual_reg[7]/G is not reached by a timing clock
Related violations: <none>

TIMING-20#36 Warning
Non-clocked latch  
The latch Inst_fmsElevator/pisoactual_reg[8] cannot be properly analyzed as its control pin Inst_fmsElevator/pisoactual_reg[8]/G is not reached by a timing clock
Related violations: <none>

TIMING-20#37 Warning
Non-clocked latch  
The latch Inst_fmsElevator/pisoactual_reg[9] cannot be properly analyzed as its control pin Inst_fmsElevator/pisoactual_reg[9]/G is not reached by a timing clock
Related violations: <none>

TIMING-20#38 Warning
Non-clocked latch  
The latch Inst_fmsElevator/pisoobjetivo_reg[0] cannot be properly analyzed as its control pin Inst_fmsElevator/pisoobjetivo_reg[0]/G is not reached by a timing clock
Related violations: <none>

TIMING-20#39 Warning
Non-clocked latch  
The latch Inst_fmsElevator/pisoobjetivo_reg[1] cannot be properly analyzed as its control pin Inst_fmsElevator/pisoobjetivo_reg[1]/G is not reached by a timing clock
Related violations: <none>

TIMING-20#40 Warning
Non-clocked latch  
The latch Inst_fmsElevator/trabajando_reg cannot be properly analyzed as its control pin Inst_fmsElevator/trabajando_reg/G is not reached by a timing clock
Related violations: <none>

LATCH-1#1 Advisory
Existing latches in the design  
There are 40 latches found in the design. Inferred latches are often the result of HDL coding mistakes, such as incomplete if or case statements.
Related violations: <none>


