#-----------------------------------------------------------
# Vivado v2023.1 (64-bit)
# SW Build 3865809 on Sun May  7 15:05:29 MDT 2023
# IP Build 3864474 on Sun May  7 20:36:21 MDT 2023
# SharedData Build 3865790 on Sun May 07 13:33:03 MDT 2023
# Start of session at: Wed Dec 13 15:57:23 2023
# Process ID: 6844
# Current directory: C:/Users/Hector/Desktop/Uni/SED/Projecto VHDL/Vivado/Vivado/project_1
# Command line: vivado.exe -gui_launcher_event rodinguilauncherevent8284 C:\Users\Hector\Desktop\Uni\SED\Projecto VHDL\Vivado\Vivado\project_1\project_1.xpr
# Log file: C:/Users/Hector/Desktop/Uni/SED/Projecto VHDL/Vivado/Vivado/project_1/vivado.log
# Journal file: C:/Users/Hector/Desktop/Uni/SED/Projecto VHDL/Vivado/Vivado/project_1\vivado.jou
# Running On: LAPTOP-ITU9JLQJ, OS: Windows, CPU Frequency: 1190 MHz, CPU Physical cores: 4, Host memory: 8386 MB
#-----------------------------------------------------------
start_gui
open_project {C:/Users/Hector/Desktop/Uni/SED/Projecto VHDL/Vivado/Vivado/project_1/project_1.xpr}
update_compile_order -fileset sources_1
reset_run synth_1
launch_runs synth_1 -jobs 4
wait_on_run synth_1
launch_runs impl_1 -jobs 4
wait_on_run impl_1
open_run synth_1 -name synth_1
reset_run synth_1
launch_runs synth_1 -jobs 4
wait_on_run synth_1
launch_runs impl_1 -jobs 4
wait_on_run impl_1
reset_run impl_1
launch_runs impl_1 -jobs 4
wait_on_run impl_1
reset_run synth_1
launch_runs impl_1 -jobs 4
wait_on_run impl_1
reset_run impl_1
launch_runs impl_1 -jobs 4
wait_on_run impl_1
reset_run synth_1
launch_runs impl_1 -jobs 4
wait_on_run impl_1
reset_run impl_1
launch_runs impl_1 -jobs 4
wait_on_run impl_1
reset_run impl_1
reset_run synth_1
launch_runs impl_1 -jobs 4
wait_on_run impl_1
reset_run impl_1
launch_runs impl_1 -jobs 4
wait_on_run impl_1
refresh_design
reset_run synth_1
launch_runs impl_1 -jobs 4
wait_on_run impl_1
show_objects -name flagfin [get_cells -hierarchical -filter { PRIMITIVE_TYPE =~ CARRY.*.* } ]
close_design
reset_run impl_1
launch_runs impl_1 -jobs 4
wait_on_run impl_1
reset_run synth_1
launch_runs synth_1 -jobs 4
wait_on_run synth_1
reset_run synth_1
launch_runs synth_1 -jobs 4
wait_on_run synth_1
launch_runs impl_1 -jobs 4
wait_on_run impl_1
open_run impl_1
